---
source: tests/ui.rs
expression: "lines.join(\"\\n\")"
---
[INFO] Files unpacked: 4
[INFO] Successfully decompressed archive to <TMP_DIR>/outputs
[INFO] extracted ( [SIZE]) "outputs/inputs"
[INFO] extracted ( [SIZE]) "outputs/inputs/input"
[INFO] extracted ( [SIZE]) "outputs/inputs/input2"
[INFO] extracted ( [SIZE]) "outputs/inputs/input3"
