---
source: tests/ui.rs
expression: "run_ouch(\"ouch compress input output --format .tar.$#!@.rest\", dir)"
---
[ERROR] Failed to parse `--format .tar.$#!@.rest`
 - Unsupported extension '$#!@'

hint: Supported extensions for compression are: tar, zip, 7z, gz, bz2, bz3, xz, lz4, sz, zst, br
hint: Supported extensions for decompression are: tar, zip, rar, 7z, gz, bz2, bz3, xz, lzma, lz, lz4, sz, zst, br
hint: Supported aliases are: tgz, tbz, tbz2, tbz3, tlz4, txz, tlzma, tlz, tsz, tzst
hint: For detailed capabilities and notes, run: ouch list-formats
hint: 
hint: Examples:
hint:   --format tar
hint:   --format gz
hint:   --format tar.gz
